******************************************************************************
                  TI ARM Linker PC v20.2.1                     
******************************************************************************
>> Linked Thu Mar 31 17:09:42 2022

OUTPUT FILE NAME:   <SSM_LIB_GEN2.out>
ENTRY POINT SYMBOL: "_c_int00_noargs"  address: 0003a90d


MEMORY CONFIGURATION

         name            origin    length      used     unused   attr    fill
----------------------  --------  ---------  --------  --------  ----  --------
  MAIN                  00000000   0003efff  0003efff  00000000  R  X  000000ff 
  FLASH_MEM             0003f000   00001000  00001000  00000000  R  X  000000ff 
  INFO                  00200000   00004000  00000000  00004000  R  X
  SRAM_CODE             01000000   00010000  0000d848  000027b8  RW X
  SRAM_DATA             20000000   00010000  0000d848  000027b8  RW  


SEGMENT ALLOCATION MAP

run origin  load origin   length   init length attrs members
----------  ----------- ---------- ----------- ----- -------
00000000    00000000    00040000   00040000    r-x
  00000000    00000000    000000e4   000000e4    r-- .intvecs
  000000e4    000000e4    0003aa80   0003aa80    r-x .text
  0003ab64    0003ab64    00004270   00004270    r-- .const
  0003edd4    0003edd4    00000004   00000004    r-- $fill000
  0003edd8    0003edd8    000001b0   000001b0    r-- .cinit
  0003ef88    0003ef88    00000077   00000077    r-- $fill001
  0003f000    0003f000    000005c0   000005c0    r-x .FLASHCODE
  0003f5c0    0003f5c0    00000a40   00000a40    r-- $fill002
20000000    20000000    0000d64e   00000000    rw-
  20000000    20000000    000000e4   00000000    rw- .vtable
  200000e4    200000e4    0000b33e   00000000    rw- .bss
  2000b428    2000b428    00002226   00000000    rw- .data
2000fe00    2000fe00    00000200   00000000    rw-
  2000fe00    2000fe00    00000200   00000000    rw- .stack


SECTION ALLOCATION MAP

 output                                  attributes/
section   page    origin      length       input sections
--------  ----  ----------  ----------   ----------------
.intvecs   0    00000000    000000e4     
                  00000000    000000e4     startup_msp432p401r_ccs.obj (.intvecs:retain)

.text      0    000000e4    0003aa80     
                  000000e4    0000654c     LibG2_communication.obj (.text)
                  00006630    0000585c     LibG2_techmenu.obj (.text)
                  0000be8c    00005514     LibG2_lte.obj (.text)
                  000113a0    00004684     LibG2_coin.obj (.text)
                  00015a24    00003e8c     LibG2_creditcard.obj (.text)
                  000198b0    00003aa0     LibG2_lcd.obj (.text)
                  0001d350    000026fc     LibG2_flash.obj (.text)
                  0001fa4c    0000263c     LibG2_smartcard.obj (.text)
                  00022088    00002008     LibG2_rates.obj (.text)
                  00024090    00001ba8     LibG2_events.obj (.text)
                  00025c38    00001728     LibG2_statemachine.obj (.text)
                  00027360    000011b0     LibG2_isr.obj (.text)
                  00028510    00001070     LibG2_main.obj (.text)
                  00029580    00001058     LibG2_filedownload.obj (.text)
                  0002a5d8    00000f08     cs.obj (.text)
                  0002b4e0    00000d58     LibG2_debug.obj (.text)
                  0002c238    00000ccc     LibG2_led.obj (.text)
                  0002cf04    00000c6c     sx1276-LoRa.obj (.text)
                  0002db70    00000c18     LibG2_config.obj (.text)
                  0002e788    00000bc4     LibG2_otap.obj (.text)
                  0002f34c    00000b3c     LibG2_uid.obj (.text)
                  0002fe88    00000a4e     rtsv7M4_T_le_v4SPD16_eabi.lib : _printfi.c.obj (.text:__TI_printfi)
                  000308d6    00000002                                   : div0.asm.obj (.text)
                  000308d8    00000914     LibG2_xmlparser.obj (.text)
                  000311ec    000008d4     adc14.obj (.text)
                  00031ac0    000008cc     LibG2_rtc.obj (.text)
                  0003238c    000008a4     spi.obj (.text)
                  00032c30    00000878     sx1276-LoRaMisc.obj (.text)
                  000334a8    0000086c     LibG2_gpio_init.obj (.text)
                  00033d14    00000838     pcm.obj (.text)
                  0003454c    000007c8     LibG2_keypad.obj (.text)
                  00034d14    00000798     timer_a.obj (.text)
                  000354ac    00000554     LibG2_lob.obj (.text)
                  00035a00    00000508     rtc_c.obj (.text)
                  00035f08    000004a4     LibG2_meterdiag.obj (.text)
                  000363ac    00000480     radio_test.obj (.text)
                  0003682c    0000047c     gpio.obj (.text)
                  00036ca8    0000046c     LibG2_spi.obj (.text)
                  00037114    00000434     uart.obj (.text)
                  00037548    000003f0     interrupt.obj (.text)
                  00037938    00000344     LibG2_datakey.obj (.text)
                  00037c7c    00000328     system_msp432p401r.obj (.text)
                  00037fa4    00000300     LibG2_msp_init.obj (.text)
                  000382a4    0000027c     LibG2_card_d.obj (.text)
                  00038520    00000270     rtsv7M4_T_le_v4SPD16_eabi.lib : _printfi.c.obj (.text:_pconv_a)
                  00038790    00000244     sysctl.obj (.text)
                  000389d4    0000020c     LibG2_uart.obj (.text)
                  00038be0    000001ec     LibG2_aes.obj (.text)
                  00038dcc    000001dc     sx1276-Hal.obj (.text)
                  00038fa8    000001d0     rtsv7M4_T_le_v4SPD16_eabi.lib : _printfi.c.obj (.text:_pconv_g)
                  00039178    000001cc     sx1276.obj (.text)
                  00039344    000001b6     rtsv7M4_T_le_v4SPD16_eabi.lib : fd_add_t2.asm.obj (.text)
                  000394fa    00000002     --HOLE-- [fill = 000000ff]
                  000394fc    00000198     LibG2_timer.obj (.text)
                  00039694    0000013c     rtsv7M4_T_le_v4SPD16_eabi.lib : _printfi.c.obj (.text:_pconv_e)
                  000397d0    00000136                                   : fd_div_t2.asm.obj (.text)
                  00039906    00000002     --HOLE-- [fill = 000000ff]
                  00039908    00000124                                   : _printfi.c.obj (.text:fcvt)
                  00039a2c    00000110                                   : s_scalbn.c.obj (.text:scalbn)
                  00039b3c    000000fc                                   : fd_mul_t2.asm.obj (.text)
                  00039c38    000000e8     LibG2_power_mgmt.obj (.text)
                  00039d20    000000d8     wdt_a.obj (.text)
                  00039df8    000000cc     ref_a.obj (.text)
                  00039ec4    000000b4     LibG2_crc.obj (.text)
                  00039f78    000000b1     rtsv7M4_T_le_v4SPD16_eabi.lib : _printfi.c.obj (.text:_ltostr)
                  0003a029    00000001     --HOLE-- [fill = 000000ff]
                  0003a02a    0000009c                                   : memcpy_t2.asm.obj (.text)
                  0003a0c6    00000096                                   : ull_div_t2.asm.obj (.text)
                  0003a15c    00000086                                   : fd_cmp_t2.asm.obj (.text:__aeabi_cdcmple)
                  0003a1e2    00000086                                   : fd_cmp_t2.asm.obj (.text:__aeabi_cdrcmple)
                  0003a268    0000007a                                   : memset_t2.asm.obj (.text)
                  0003a2e2    0000006e                                   : _printfi.c.obj (.text:_mcpy)
                  0003a350    00000068                                   : copy_decompress_lzss.c.obj (.text:decompress:lzss:__TI_decompress_lzss)
                  0003a3b8    00000064                                   : s_frexp.c.obj (.text:frexp)
                  0003a41c    00000058     radio.obj (.text)
                  0003a474    00000056     rtsv7M4_T_le_v4SPD16_eabi.lib : _printfi.c.obj (.text:_pconv_f)
                  0003a4ca    00000054                                   : _ltoa.c.obj (.text:__TI_ltoa)
                  0003a51e    00000052                                   : _printfi.c.obj (.text:_ecpy)
                  0003a570    00000050                                   : fs_toull_t2.asm.obj (.text)
                  0003a5c0    0000004c                                   : atoi.c.obj (.text:atoi)
                  0003a60c    0000004c                                   : atol.c.obj (.text:atol)
                  0003a658    00000048                                   : fd_toi_t2.asm.obj (.text)
                  0003a6a0    00000044                                   : autoinit.c.obj (.text:__TI_auto_init_nobinit_nopinit:__TI_auto_init_nobinit_nopinit)
                  0003a6e4    00000044                                   : fd_tou_t2.asm.obj (.text)
                  0003a728    00000042     startup_msp432p401r_ccs.obj (.text)
                  0003a76a    00000040     rtsv7M4_T_le_v4SPD16_eabi.lib : u_divt2.asm.obj (.text)
                  0003a7aa    00000002     --HOLE-- [fill = 000000ff]
                  0003a7ac    00000040                                   : sprintf.c.obj (.text:sprintf)
                  0003a7ec    0000003e                                   : _printfi.c.obj (.text:_fcpy)
                  0003a82a    0000003e     cpu.obj (.text)
                  0003a868    00000038     rtsv7M4_T_le_v4SPD16_eabi.lib : fs_tod_t2.asm.obj (.text)
                  0003a8a0    00000036                                   : ull_tofs_t2.asm.obj (.text)
                  0003a8d6    00000036                                   : strncpy.c.obj (.text:strncpy)
                  0003a90c    00000034                                   : boot_cortex_m.c.obj (.text:_c_int00_noargs:_c_int00_noargs)
                  0003a940    00000034                                   : strstr.c.obj (.text:strstr)
                  0003a974    00000030     sx1276-Hal.obj (.text:SX1276WriteRxTx)
                  0003a9a4    0000002e     rtsv7M4_T_le_v4SPD16_eabi.lib : i_tofd_t2.asm.obj (.text)
                  0003a9d2    0000002c                                   : strncmp.c.obj (.text:strncmp)
                  0003a9fe    00000024                                   : memcmp.c.obj (.text:memcmp)
                  0003aa22    00000020                                   : u_tofd_t2.asm.obj (.text)
                  0003aa42    0000001e                                   : ll_lsl_t2.asm.obj (.text)
                  0003aa60    0000001c                                   : memccpy.c.obj (.text:memccpy)
                  0003aa7c    0000001a                                   : s_copysign.c.obj (.text:copysign)
                  0003aa96    00000018                                   : sprintf.c.obj (.text:_outs)
                  0003aaae    00000018                                   : strcmp.c.obj (.text:strcmp)
                  0003aac6    00000016                                   : strchr.c.obj (.text:strchr)
                  0003aadc    00000014                                   : strcpy.c.obj (.text:strcpy)
                  0003aaf0    00000014                                   : strlen.c.obj (.text:strlen)
                  0003ab04    00000012                                   : wcslen.c.obj (.text:wcslen)
                  0003ab16    0000000e                                   : copy_decompress_none.c.obj (.text:decompress:none:__TI_decompress_none)
                  0003ab24    0000000c     sx1276-Hal.obj (.text:SX1276ReadDio3)
                  0003ab30    0000000c     sx1276-Hal.obj (.text:SX1276ReadDio4)
                  0003ab3c    0000000c     rtsv7M4_T_le_v4SPD16_eabi.lib : copy_zero_init.c.obj (.text:decompress:ZI:__TI_zero_init)
                  0003ab48    0000000a                                   : sprintf.c.obj (.text:_outc)
                  0003ab52    00000002     --HOLE-- [fill = 000000ff]
                  0003ab54    00000008                                   : errno.c.obj (.text:__aeabi_errno_addr)
                  0003ab5c    00000004                                   : pre_init.c.obj (.text:_system_pre_init)
                  0003ab60    00000004                                   : exit.c.obj (.text:abort:abort)

.const     0    0003ab64    00004270     
                  0003ab64    00002280     LibG2_lcd.obj (.const:font32x48)
                  0003cde4    00001200     LibG2_lcd.obj (.const:font16x24)
                  0003dfe4    00000400     LibG2_crc.obj (.const:icr3tab)
                  0003e3e4    00000288     LibG2_lcd.obj (.const:.string:fontGIF3)
                  0003e66c    000001e8     LibG2_lcd.obj (.const:.string:fontGIF2)
                  0003e854    00000101     rtsv7M4_T_le_v4SPD16_eabi.lib : ctype.c.obj (.const:.string:_ctypes_)
                  0003e955    00000003     LibG2_creditcard.obj (.const:.string:CFG_AMEX_PREF_1)
                  0003e958    000000cc     sx1276-LoRa.obj (.const:HoppingFrequencies)
                  0003ea24    00000080     adc14.obj (.const:_ctlRegs)
                  0003eaa4    0000005e     LibG2_lte.obj (.const:.string)
                  0003eb02    00000002     LibG2_creditcard.obj (.const:.string:CFG_JCB_PREF_1)
                  0003eb04    0000005c     LibG2_filedownload.obj (.const:.string)
                  0003eb60    00000050     interrupt.obj (.const:g_pulRegs)
                  0003ebb0    0000004e     LibG2_debug.obj (.const:.string)
                  0003ebfe    00000040     LibG2_smartcard.obj (.const:.string:p_table)
                  0003ec3e    00000020     LibG2_smartcard.obj (.const:.string:s_table)
                  0003ec5e    00000002     --HOLE-- [fill = 000000ff]
                  0003ec60    00000020     interrupt.obj (.const:g_pulPriority)
                  0003ec80    0000001c     gpio.obj (.const:GPIO_PORT_TO_INT)
                  0003ec9c    00000014     LibG2_rates.obj (.const:$P$T0$1)
                  0003ecb0    00000014     LibG2_card_d.obj (.const:card_xxtea_key)
                  0003ecc4    00000010     LibG2_creditcard.obj (.const:.string:hextable$1)
                  0003ecd4    0000000d     LibG2_creditcard.obj (.const:.string:CFG_MAG_COLL_CARD)
                  0003ece1    0000000d     LibG2_creditcard.obj (.const:.string:CFG_MAG_TECH_CARD)
                  0003ecee    0000000d     LibG2_creditcard.obj (.const:.string:CFG_VISA_PREF1)
                  0003ecfb    0000000d     LibG2_creditcard.obj (.const:.string:CFG_VISA_PREF2)
                  0003ed08    0000000d     LibG2_creditcard.obj (.const:.string:CFG_VISA_PREF3)
                  0003ed15    0000000d     LibG2_creditcard.obj (.const:.string:CFG_VISA_PREF4)
                  0003ed22    0000000d     LibG2_creditcard.obj (.const:.string:CFG_VISA_PREF5)
                  0003ed2f    0000000d     LibG2_creditcard.obj (.const:.string:CFG_VISA_PREF6)
                  0003ed3c    0000000b     LibG2_creditcard.obj (.const:.string:CFG_MASTCARD_PREF_1)
                  0003ed47    0000000b     LibG2_creditcard.obj (.const:.string:CFG_MASTCARD_PREF_2)
                  0003ed52    0000000b     LibG2_creditcard.obj (.const:.string:CFG_MASTCARD_PREF_3)
                  0003ed5d    0000000b     LibG2_creditcard.obj (.const:.string:CFG_MASTCARD_PREF_4)
                  0003ed68    00000008     LibG2_smartcard.obj (.const:.string:bitIndex)
                  0003ed70    00000008     interrupt.obj (.const:g_pulDisRegs)
                  0003ed78    00000008     interrupt.obj (.const:g_pulEnRegs)
                  0003ed80    00000008     interrupt.obj (.const:g_pulPendRegs)
                  0003ed88    00000008     interrupt.obj (.const:g_pulUnpendRegs)
                  0003ed90    00000007     LibG2_smartcard.obj (.const:.string:DuncanAuthenticateSet)
                  0003ed97    00000007     LibG2_smartcard.obj (.const:.string:DuncanAuthenticateStore)
                  0003ed9e    00000005     LibG2_creditcard.obj (.const:.string:CFG_DISCOVER_PREF)
                  0003eda3    00000005     LibG2_creditcard.obj (.const:.string:CFG_ENROUTE_PREF_1)
                  0003eda8    00000005     LibG2_creditcard.obj (.const:.string:CFG_ENROUTE_PREF_2)
                  0003edad    00000005     LibG2_creditcard.obj (.const:.string:CFG_JCB_PREF_2)
                  0003edb2    00000005     LibG2_creditcard.obj (.const:.string:CFG_JCB_PREF_3)
                  0003edb7    00000005     LibG2_creditcard.obj (.const:.string:CFG_REINO_TEST_CARD)
                  0003edbc    00000004     LibG2_creditcard.obj (.const:.string:CFG_DINERS_PREF_1)
                  0003edc0    00000004     LibG2_creditcard.obj (.const:.string:CFG_DINERS_PREF_2)
                  0003edc4    00000004     LibG2_main.obj (.const)
                  0003edc8    00000003     LibG2_creditcard.obj (.const:.string:CFG_AMEX_PREF_2)
                  0003edcb    00000003     LibG2_creditcard.obj (.const:.string:CFG_DINERS_PREF_3)
                  0003edce    00000003     LibG2_creditcard.obj (.const:.string:CFG_DINERS_PREF_4)
                  0003edd1    00000003     LibG2_creditcard.obj (.const:.string:CFG_DINERS_PREF_5)

.cinit     0    0003edd8    000001b0     
                  0003edd8    00000176     (.cinit..data.load) [load image, compression = lzss]
                  0003ef4e    00000002     --HOLE-- [fill = 000000ff]
                  0003ef50    0000000c     (__TI_handler_table)
                  0003ef5c    00000004     --HOLE-- [fill = 000000ff]
                  0003ef60    00000008     (.cinit..bss.load) [load image, compression = zero_init]
                  0003ef68    00000008     (.cinit..vtable.load) [load image, compression = zero_init]
                  0003ef70    00000018     (__TI_cinit_table)

.init_array 
*          0    00000000    00000000     UNINITIALIZED

.binit     0    00000000    00000000     

.FLASHCODE 
*          0    0003f000    000005c0     
                  0003f000    000005c0     LibG2_otap.obj (.FLASHCODE)

.vtable    0    20000000    000000e4     UNINITIALIZED
                  20000000    000000e4     interrupt.obj (.vtable)

.bss       0    200000e4    0000b33e     UNINITIALIZED
                  200000e4    00004b4c     (.common:Queue)
                  20004c30    000018b8     (.common:LoRa_Queue)
                  200064e8    00000fff     (.common:glSystem_cfg)
                  200074e7    00000804     (.common:Self_Calibration)
                  20007ceb    00000514     (.common:glDFG_response)
                  200081ff    00000514     (.common:glMdmUart_recv_buf)
                  20008713    00000384     (.common:DK_data_read_buffer)
                  20008a97    00000384     (.common:flash_data_read_buffer)
                  20008e1b    00000300     (.common:request_events)
                  2000911b    000002b0     (.common:fTrack1Data)
                  200093cb    000002b0     (.common:fTrack2Data)
                  2000967b    00000290     (.common:comm_queue)
                  2000990b    000001f4     (.common:RData)
                  20009aff    000001c4     (.common:Coin_Calib_Params)
                  20009cc3    000001a4     (.common:nw_operator_name_id)
                  20009e67    00000120     (.common:sys_mdm_p)
                  20009f87    00000100     LibG2_xmlparser.obj (.bss:attribs)
                  2000a087    00000100     LibG2_filedownload.obj (.bss:attval_buf)
                  2000a187    00000100     (.common:RFBuffer)
                  2000a287    00000100     (.common:rx_ans)
                  2000a387    000000fc     (.common:LoRa_tx_queue)
                  2000a483    000000bc     (.common:glEvent_cache)
                  2000a53f    000000ac     (.common:lCoindata)
                  2000a5eb    000000a6     (.common:glOLT_req)
                  2000a691    00000080     LibG2_filedownload.obj (.bss:attnm_buf)
                  2000a711    00000080     LibG2_communication.obj (.bss:request_events_cache)
                  2000a791    00000080     LibG2_communication.obj (.bss:request_olt)
                  2000a811    00000080     LibG2_communication.obj (.bss:request_small)
                  2000a891    00000080     (.common:Buffer)
                  2000a911    00000080     (.common:SX1276LR_struct)
                  2000a991    00000080     (.common:SX1276Regs)
                  2000aa11    00000080     (.common:glComm_response)
                  2000aa91    00000080     (.common:glTemp_buf)
                  2000ab11    00000066     (.common:gprs_general_sync_request)
                  2000ab77    00000064     LibG2_debug.obj (.bss:debug_msg)
                  2000abdb    0000005e     (.common:acdb)
                  2000ac39    00000058     (.common:fTrack1String)
                  2000ac91    00000058     (.common:fTrack2String)
                  2000ace9    00000057     (.common:glBay_req)
                  2000ad40    00000050     (.common:glCreditcard_frame1)
                  2000ad90    00000040     LibG2_lte.obj (.bss:glTemp_buf2)
                  2000add0    00000040     (.common:RXData)
                  2000ae10    00000040     (.common:cmd_send)
                  2000ae50    00000040     (.common:glSCReadBuf)
                  2000ae90    0000003c     (.common:glOLT_resp)
                  2000aecc    0000003b     (.common:chunk_DNLD_status)
                  2000af07    00000034     (.common:LineBuff)
                  2000af3b    00000034     (.common:RTC_String)
                  2000af6f    00000034     (.common:glAfm_response_p)
                  2000afa3    00000028     (.common:Failed_Coins_diag)
                  2000afcb    00000028     (.common:Scosta_Audit_Data)
                  2000aff3    00000001     (.common:Current_ZO_eligibility)
                  2000aff4    00000028     (.common:coin_type)
                  2000b01c    00000028     (.common:flash_file_actvn_tbl)
                  2000b044    00000028     (.common:glCreditcard_frame)
                  2000b06c    00000028     (.common:gprs_general_sync_response)
                  2000b094    00000028     (.common:temp_coin_type)
                  2000b0bc    00000026     LibG2_xmlparser.obj (.bss)
                  2000b0e2    00000024     (.common:smart_card)
                  2000b106    00000023     (.common:glMB_info)
                  2000b129    00000021     (.common:tech_menu_disp)
                  2000b14a    00000020     (.common:External_Key)
                  2000b16a    00000020     (.common:Internal_Key)
                  2000b18a    00000020     (.common:default_apn)
                  2000b1aa    0000001c     (.common:CardData)
                  2000b1c6    0000001c     (.common:CardDataEncT2)
                  2000b1e2    00000002     (.common:Eof)
                  2000b1e4    0000001c     (.common:rtc_c_calender)
                  2000b200    00000018     LibG2_debug.obj (.bss:time_str)
                  2000b218    00000018     (.common:RadioDriver)
                  2000b230    00000018     (.common:rtc_hour_flag)
                  2000b248    00000016     (.common:LoRaSettings)
                  2000b25e    00000016     (.common:SCT_Trans_Data)
                  2000b274    00000015     LibG2_card_d.obj (.bss)
                  2000b289    00000014     (.common:default_UDP_server_ip)
                  2000b29d    00000012     (.common:loCoinParam)
                  2000b2af    00000011     (.common:glOLTACK_req)
                  2000b2c0    00000010     (.common:fLRCOnestrack1)
                  2000b2d0    00000010     (.common:fLRCOnestrack2)
                  2000b2e0    0000000c     (.common:PBC_other_MID_tx)
                  2000b2ec    0000000c     (.common:glAlarm_req)
                  2000b2f8    0000000c     (.common:glDLST_FLAGS)
                  2000b304    0000000c     (.common:temp_buff)
                  2000b310    00000008     LibG2_isr.obj (.bss)
                  2000b318    00000008     cs.obj (.bss)
                  2000b320    00000008     sx1276-LoRa.obj (.bss)
                  2000b328    00000008     (.common:External_Uid)
                  2000b330    00000008     (.common:Internal_Uid)
                  2000b338    00000008     (.common:RTC_ParkingTime)
                  2000b340    00000008     (.common:SYNCardID)
                  2000b348    00000008     (.common:last_refund_update)
                  2000b350    00000008     (.common:negetive_parking_time_left_on_meter)
                  2000b358    00000008     (.common:special_keys)
                  2000b360    00000006     LibG2_xmlparser.obj (.bss:elmt)
                  2000b366    00000006     (.common:Maintenance_Log)
                  2000b36c    00000004     LibG2_filedownload.obj (.bss)
                  2000b370    00000004     LibG2_keypad.obj (.bss)
                  2000b374    00000004     (.common:CFG_file_sizearr)
                  2000b378    00000004     (.common:DK_File_CRC)
                  2000b37c    00000004     (.common:Flash_File_CRC)
                  2000b380    00000004     (.common:Last_Audit_Time1)
                  2000b384    00000004     (.common:PBC_amnt_rcvd)
                  2000b388    00000004     (.common:PBC_expt_rcvd)
                  2000b38c    00000004     (.common:Running_Space_ID)
                  2000b390    00000004     (.common:SX1276)
                  2000b394    00000004     (.common:SYNCardDeductValue)
                  2000b398    00000004     (.common:TData)
                  2000b39c    00000004     (.common:bkp_MDM_Total_On_Time)
                  2000b3a0    00000004     (.common:bkp_Total_LCD_Backlight_On_Time)
                  2000b3a4    00000004     (.common:bkp_Total_LORA_PWR_On_Time)
                  2000b3a8    00000004     (.common:bkp_Total_LORA_PWR_On_Time_DC)
                  2000b3ac    00000004     (.common:config_RSAD)
                  2000b3b0    00000004     (.common:config_WSAD)
                  2000b3b4    00000004     (.common:file_sizearr)
                  2000b3b8    00000004     (.common:glCCexpiry_date)
                  2000b3bc    00000004     (.common:glTemp0)
                  2000b3c0    00000004     (.common:mpb_code_RSAD)
                  2000b3c4    00000004     (.common:mpb_code_WSAD)
                  2000b3c8    00000004     (.common:sense)
                  2000b3cc    00000002     (.common:RXIndex)
                  2000b3ce    00000002     (.common:base_freq)
                  2000b3d0    00000002     (.common:default_UDP_server_port)
                  2000b3d2    00000002     (.common:fBitCnt1)
                  2000b3d4    00000002     (.common:fBitCnt2)
                  2000b3d6    00000002     (.common:fBitCnt3)
                  2000b3d8    00000002     (.common:fBitCntp)
                  2000b3da    00000002     (.common:fNotReadCardCnt)
                  2000b3dc    00000002     (.common:fOneCnt1)
                  2000b3de    00000002     (.common:fOneCnt2)
                  2000b3e0    00000002     (.common:fOneCnt3)
                  2000b3e2    00000002     (.common:fOneCntp)
                  2000b3e4    00000002     (.common:fParityError1)
                  2000b3e6    00000002     (.common:fParityError2)
                  2000b3e8    00000002     (.common:fParityError3)
                  2000b3ea    00000002     (.common:fReadingCard)
                  2000b3ec    00000002     (.common:fTruncBitCnt1)
                  2000b3ee    00000002     (.common:fTruncBitCnt2)
                  2000b3f0    00000002     (.common:fTruncBitCnt3)
                  2000b3f2    00000002     (.common:fTruncBitCntp)
                  2000b3f4    00000002     (.common:glTemp1)
                  2000b3f6    00000002     (.common:glTemp2)
                  2000b3f8    00000002     (.common:glTemp3)
                  2000b3fa    00000002     (.common:glTemp4)
                  2000b3fc    00000002     (.common:received_area_num)
                  2000b3fe    00000002     (.common:received_cust_id)
                  2000b400    00000002     (.common:received_meter_id)
                  2000b402    00000002     (.common:temp1_max_sens)
                  2000b404    00000002     (.common:temp1_min_sens)
                  2000b406    00000002     (.common:temp2_max_sens)
                  2000b408    00000002     (.common:temp2_min_sens)
                  2000b40a    00000001     (.common:DLST_CURRENT_SLOT)
                  2000b40b    00000001     (.common:FIRST_COMM)
                  2000b40c    00000001     (.common:LQI_counter)
                  2000b40d    00000001     (.common:RespIndex)
                  2000b40e    00000001     (.common:Screen_Clear)
                  2000b40f    00000001     (.common:Serial_no_length)
                  2000b410    00000001     (.common:VCOM)
                  2000b411    00000001     (.common:coin_count)
                  2000b412    00000001     (.common:coin_validation_number)
                  2000b413    00000001     (.common:fBitsPerByteT1)
                  2000b414    00000001     (.common:fBitsPerByteT2)
                  2000b415    00000001     (.common:fBitsPerByteT3)
                  2000b416    00000001     (.common:fCharMask)
                  2000b417    00000001     (.common:fEndSentinelChar)
                  2000b418    00000001     (.common:fStartSentinelChar)
                  2000b419    00000001     (.common:fStartSentinelCharT3)
                  2000b41a    00000001     (.common:glDo_rtc_update)
                  2000b41b    00000001     (.common:olt_sz)
                  2000b41c    00000001     (.common:packet_start)
                  2000b41d    00000001     (.common:temp1_ratio_1)
                  2000b41e    00000001     (.common:temp1_ratio_2)
                  2000b41f    00000001     (.common:temp2_ratio_1)
                  2000b420    00000001     (.common:temp2_ratio_2)
                  2000b421    00000001     (.common:temp_co)

.data      0    2000b428    00002226     UNINITIALIZED
                  2000b428    00001770     LibG2_coin.obj (.data:loSensorSamples)
                  2000cb98    000002f8     LibG2_coin.obj (.data:glCoindata)
                  2000ce90    000000a3     LibG2_coin.obj (.data)
                  2000cf33    00000001     sx1276.obj (.data)
                  2000cf34    00000062     LibG2_communication.obj (.data)
                  2000cf96    00000002     LibG2_rates.obj (.data:ANTI_FEED_in_effect)
                  2000cf98    00000051     LibG2_techmenu.obj (.data)
                  2000cfe9    00000003     LibG2_otap.obj (.data)
                  2000cfec    00000050     LibG2_communication.obj (.data:Current_extracted_time_PBC)
                  2000d03c    00000050     LibG2_communication.obj (.data:Current_extracted_time_PBC_for_other_MID)
                  2000d08c    00000050     LibG2_communication.obj (.data:Last_processed_time)
                  2000d0dc    00000050     LibG2_communication.obj (.data:Last_processed_time_PBC)
                  2000d12c    00000050     LibG2_communication.obj (.data:Last_processed_time_PBC_for_other_MID)
                  2000d17c    00000050     LibG2_events.obj (.data)
                  2000d1cc    00000050     LibG2_communication.obj (.data:current_extracted_time)
                  2000d21c    00000045     LibG2_lte.obj (.data)
                  2000d261    00000044     LibG2_main.obj (.data:glSNSRdiag_string)
                  2000d2a5    00000001     --HOLE--
                  2000d2a6    00000002     LibG2_aes.obj (.data)
                  2000d2a8    0000003c     LibG2_filedownload.obj (.data)
                  2000d2e4    0000003c     LibG2_isr.obj (.data)
                  2000d320    00000030     gpio.obj (.data:GPIO_PORT_TO_BASE)
                  2000d350    0000002f     sx1276-LoRa.obj (.data)
                  2000d37f    00000001     --HOLE--
                  2000d380    0000002d     LibG2_rates.obj (.data)
                  2000d3ad    00000002     LibG2_lcd.obj (.data:Meter_Full)
                  2000d3af    00000001     --HOLE--
                  2000d3b0    00000029     LibG2_smartcard.obj (.data)
                  2000d3d9    00000028     LibG2_lcd.obj (.data:calibration_display_buf)
                  2000d401    00000028     LibG2_events.obj (.data:queue_process_message)
                  2000d429    00000002     LibG2_lcd.obj (.data:Meter_Full_Flg)
                  2000d42b    00000001     --HOLE--
                  2000d42c    00000027     LibG2_creditcard.obj (.data)
                  2000d453    00000001     --HOLE--
                  2000d454    00000025     LibG2_statemachine.obj (.data)
                  2000d479    00000002     LibG2_isr.obj (.data:Parking_Clock_Refresh)
                  2000d47b    00000001     --HOLE--
                  2000d47c    00000024     LibG2_lcd.obj (.data)
                  2000d4a0    0000001c     LibG2_gpio_init.obj (.data)
                  2000d4bc    0000001c     radio_test.obj (.data)
                  2000d4d8    00000019     LibG2_main.obj (.data)
                  2000d4f1    00000001     --HOLE--
                  2000d4f2    00000018     LibG2_meterdiag.obj (.data:batt_vltg)
                  2000d50a    00000016     sx1276-LoRa.obj (.data:LoRaSettings1)
                  2000d520    00000014     LibG2_coin.obj (.data:loMax_Sens)
                  2000d534    00000014     LibG2_coin.obj (.data:loMin_Sens)
                  2000d548    00000014     LibG2_coin.obj (.data:loRatio1)
                  2000d55c    00000014     LibG2_coin.obj (.data:loRatio2)
                  2000d570    00000011     LibG2_flash.obj (.data)
                  2000d581    00000010     LibG2_aes.obj (.data:AES_KEY)
                  2000d591    0000000f     LibG2_lcd.obj (.data:parking_clock)
                  2000d5a0    0000000c     LibG2_communication.obj (.data:LQI_diagnostic)
                  2000d5ac    0000000c     LibG2_meterdiag.obj (.data:tempC)
                  2000d5b8    0000000a     LibG2_debug.obj (.data)
                  2000d5c2    00000009     LibG2_meterdiag.obj (.data)
                  2000d5cb    00000001     --HOLE--
                  2000d5cc    00000009     LibG2_rtc.obj (.data)
                  2000d5d5    00000008     LibG2_smartcard.obj (.data:Cashkey_Account_Key)
                  2000d5dd    00000002     LibG2_main.obj (.data:Space_Zero_Out)
                  2000d5df    00000001     --HOLE--
                  2000d5e0    00000008     LibG2_flash.obj (.data:Last_RTC_Park_clock_sync)
                  2000d5e8    00000008     LibG2_keypad.obj (.data)
                  2000d5f0    00000008     LibG2_power_mgmt.obj (.data)
                  2000d5f8    00000008     LibG2_uid.obj (.data)
                  2000d600    00000008     LibG2_main.obj (.data:last_payment_try_time)
                  2000d608    00000008     LibG2_main.obj (.data:last_vacant_timestamp)
                  2000d610    00000008     LibG2_rates.obj (.data:parking_time_left_on_meter)
                  2000d618    00000008     LibG2_coin.obj (.data:parking_time_left_on_meter_prev)
                  2000d620    00000007     LibG2_lte.obj (.data:ICCID_First_6_Digit)
                  2000d627    00000001     --HOLE--
                  2000d628    00000007     LibG2_lob.obj (.data)
                  2000d62f    00000006     LibG2_rates.obj (.data:next_sched_rate_index)
                  2000d635    00000002     LibG2_main.obj (.data:VAC_ZERO_ELIGIBLE)
                  2000d637    00000001     --HOLE--
                  2000d638    00000004     rtsv7M4_T_le_v4SPD16_eabi.lib : errno.c.obj (.data)
                  2000d63c    00000004     system_msp432p401r.obj (.data)
                  2000d640    00000002     LibG2_main.obj (.data:ZERO_OUT)
                  2000d642    00000002     LibG2_main.obj (.data:ZERO_OUT_ENABLE_AT_EXPIRY)
                  2000d644    00000002     LibG2_main.obj (.data:glLast_reported_space_status)
                  2000d646    00000002     LibG2_statemachine.obj (.data:grace_time_trigger)
                  2000d648    00000002     LibG2_rates.obj (.data:in_prepay_parking)
                  2000d64a    00000002     LibG2_statemachine.obj (.data:real_payment_flag)
                  2000d64c    00000002     LibG2_coin.obj (.data:time_retain)

.stack     0    2000fe00    00000200     UNINITIALIZED
                  2000fe00    00000004     rtsv7M4_T_le_v4SPD16_eabi.lib : boot_cortex_m.c.obj (.stack)
                  2000fe04    000001fc     --HOLE--

__llvm_prf_cnts 
*          0    20000000    00000000     UNINITIALIZED

$fill000   0    0003edd4    00000004     
                  0003edd4    00000004     --HOLE-- [fill = 000000ff]

$fill001   0    0003ef88    00000077     
                  0003ef88    00000077     --HOLE-- [fill = 000000ff]

$fill002   0    0003f5c0    00000a40     
                  0003f5c0    00000a40     --HOLE-- [fill = 000000ff]

MODULE SUMMARY

       Module                        code     ro data   rw data
       ------                        ----     -------   -------
    .\
       system_msp432p401r.obj        808      0         8      
       startup_msp432p401r_ccs.obj   66       228       0      
    +--+-----------------------------+--------+---------+---------+
       Total:                        874      228       8      
                                                               
    .\Application Modules\
       LibG2_techmenu.obj            22620    0         260    
       LibG2_rates.obj               8200     20        126    
       LibG2_debug.obj               3416     78        608    
       LibG2_power_mgmt.obj          232      0         64     
    +--+-----------------------------+--------+---------+---------+
       Total:                        34468    98        1058   
                                                               
    .\Communication Modules\
       LibG2_communication.obj       25932    0         59768  
       LibG2_lte.obj                 21780    94        5194   
       LibG2_events.obj              7080     0         652    
       LibG2_filedownload.obj        4184     92        1166   
       LibG2_xmlparser.obj           2324     0         600    
       LibG2_lob.obj                 1364     0         94     
       LibG2_meterdiag.obj           1188     0         90     
    +--+-----------------------------+--------+---------+---------+
       Total:                        63852    186       67564  
                                                               
    .\Initialization Modules\
       LibG2_config.obj              3096     0         8190   
       LibG2_gpio_init.obj           2156     0         56     
       LibG2_msp_init.obj            768      0         0      
    +--+-----------------------------+--------+---------+---------+
       Total:                        6020     0         8246   
                                                               
    .\Low Level Driver Modules\
       LibG2_otap.obj                4484     0         114    
       LibG2_rtc.obj                 2252     0         74     
       LibG2_crc.obj                 180      1024      0      
       LibG2_spi.obj                 1132     0         0      
       LibG2_card_d.obj              636      20        42     
       LibG2_aes.obj                 492      0         36     
       LibG2_uart.obj                524      0         0      
       LibG2_timer.obj               408      0         0      
    +--+-----------------------------+--------+---------+---------+
       Total:                        10108    1044      266    
                                                               
    .\Low Level Driver Modules\driverlib\
       cs.obj                        3848     0         16     
       adc14.obj                     2260     128       0      
       spi.obj                       2212     0         0      
       pcm.obj                       2104     0         0      
       timer_a.obj                   1944     0         0      
       interrupt.obj                 1008     144       456    
       rtc_c.obj                     1288     0         0      
       gpio.obj                      1148     28        96     
       uart.obj                      1076     0         0      
       sysctl.obj                    580      0         0      
       wdt_a.obj                     216      0         0      
       ref_a.obj                     204      0         0      
       cpu.obj                       62       0         0      
    +--+-----------------------------+--------+---------+---------+
       Total:                        17950    300       568    
                                                               
    .\Main Module\
       LibG2_statemachine.obj        5928     0         426    
       LibG2_isr.obj                 4528     0         1462   
       LibG2_main.obj                4208     4         412    
    +--+-----------------------------+--------+---------+---------+
       Total:                        14664    4         2300   
                                                               
    .\Peripheral Modules\
       LibG2_coin.obj                18052    0         19376  
       LibG2_lcd.obj                 15008    14576     402    
       LibG2_creditcard.obj          16012    219       4174   
       LibG2_flash.obj               9980     0         1868   
       LibG2_smartcard.obj           9788     118       190    
       LibG2_led.obj                 3276     0         0      
       LibG2_uid.obj                 2876     0         246    
       LibG2_datakey.obj             836      0         1800   
       LibG2_keypad.obj              1992     0         24     
    +--+-----------------------------+--------+---------+---------+
       Total:                        77820    14913     28080  
                                                               
    .\Peripheral Modules\SX1276_RADIO\
       sx1276-LoRa.obj               3180     204       966    
       sx1276-LoRaMisc.obj           2168     0         0      
       radio_test.obj                1152     0         312    
       sx1276.obj                    460      0         266    
       sx1276-Hal.obj                548      0         0      
       radio.obj                     88       0         48     
    +--+-----------------------------+--------+---------+---------+
       Total:                        7596     204       1592   
                                                               
    C:\ti\ccs1010\ccs\tools\compiler\ti-cgt-arm_20.2.1.LTS\lib\rtsv7M4_T_le_v4SPD16_eabi.lib
       _printfi.c.obj                4851     0         0      
       fd_add_t2.asm.obj             438      0         0      
       fd_div_t2.asm.obj             310      0         0      
       s_scalbn.c.obj                272      0         0      
       fd_cmp_t2.asm.obj             268      0         0      
       ctype.c.obj                   0        257       0      
       fd_mul_t2.asm.obj             252      0         0      
       memcpy_t2.asm.obj             156      0         0      
       ull_div_t2.asm.obj            150      0         0      
       memset_t2.asm.obj             122      0         0      
       copy_decompress_lzss.c.obj    104      0         0      
       s_frexp.c.obj                 100      0         0      
       sprintf.c.obj                 98       0         0      
       _ltoa.c.obj                   84       0         0      
       fs_toull_t2.asm.obj           80       0         0      
       atoi.c.obj                    76       0         0      
       atol.c.obj                    76       0         0      
       fd_toi_t2.asm.obj             72       0         0      
       autoinit.c.obj                68       0         0      
       fd_tou_t2.asm.obj             68       0         0      
       u_divt2.asm.obj               64       0         0      
       fs_tod_t2.asm.obj             56       0         0      
       strncpy.c.obj                 54       0         0      
       ull_tofs_t2.asm.obj           54       0         0      
       boot_cortex_m.c.obj           52       0         0      
       strstr.c.obj                  52       0         0      
       i_tofd_t2.asm.obj             46       0         0      
       strncmp.c.obj                 44       0         0      
       memcmp.c.obj                  36       0         0      
       u_tofd_t2.asm.obj             32       0         0      
       ll_lsl_t2.asm.obj             30       0         0      
       memccpy.c.obj                 28       0         0      
       s_copysign.c.obj              26       0         0      
       strcmp.c.obj                  24       0         0      
       strchr.c.obj                  22       0         0      
       strcpy.c.obj                  20       0         0      
       strlen.c.obj                  20       0         0      
       wcslen.c.obj                  18       0         0      
       errno.c.obj                   8        0         8      
       copy_decompress_none.c.obj    14       0         0      
       copy_zero_init.c.obj          12       0         0      
       exit.c.obj                    4        0         0      
       pre_init.c.obj                4        0         0      
       div0.asm.obj                  2        0         0      
    +--+-----------------------------+--------+---------+---------+
       Total:                        8367     257       8      
                                                               
       Stack:                        0        0         1024   
       Linker Generated:             0        426       0      
    +--+-----------------------------+--------+---------+---------+
       Grand Total:                  241719   17660     110714 


LINKER GENERATED COPY TABLES

__TI_cinit_table @ 0003ef70 records: 3, size/record: 8, table size: 24
	.data: load addr=0003edd8, load size=00000176 bytes, run addr=2000b428, run size=00002226 bytes, compression=lzss
	.bss: load addr=0003ef60, load size=00000008 bytes, run addr=200000e4, run size=0000b33e bytes, compression=zero_init
	.vtable: load addr=0003ef68, load size=00000008 bytes, run addr=20000000, run size=000000e4 bytes, compression=zero_init


LINKER GENERATED HANDLER TABLE

__TI_handler_table @ 0003ef50 records: 3, size/record: 4, table size: 12
	index: 0, handler: __TI_zero_init
	index: 1, handler: __TI_decompress_lzss
	index: 2, handler: __TI_decompress_none


GLOBAL SYMBOLS: SORTED ALPHABETICALLY BY Name 

address   name                                           
-------   ----                                           
00027919  ADC14_IRQHandler                               
00027919  ADC14_IRQHandler                               
00031a39  ADC14_clearInterruptFlag                       
000315e1  ADC14_configureConversionMemory                
00031489  ADC14_configureMultiSequenceMode               
0003151f  ADC14_configureSingleSampleMode                
00031719  ADC14_disableComparatorWindow                  
000315b7  ADC14_disableConversion                        
000319b7  ADC14_disableInterrupt                         
0003135d  ADC14_disableModule                            
00031937  ADC14_disableReferenceBurst                    
0003139d  ADC14_disableSampleTimer                       
00031689  ADC14_enableComparatorWindow                   
00031575  ADC14_enableConversion                         
0003198f  ADC14_enableInterrupt                          
00031355  ADC14_enableModule                             
00031921  ADC14_enableReferenceBurst                     
00031373  ADC14_enableSampleTimer                        
00031a03  ADC14_getEnabledInterruptStatus                
000319df  ADC14_getInterruptStatus                       
00031841  ADC14_getMultiSequenceResult                   
00031413  ADC14_getResolution                            
00031827  ADC14_getResult                                
000318ad  ADC14_getResultArray                           
000313b3  ADC14_initModule                               
000315c3  ADC14_isBusy                                   
00031a65  ADC14_registerInterrupt                        
00031777  ADC14_setComparatorWindowValue                 
0003194d  ADC14_setPowerMode                             
000313f9  ADC14_setResolution                            
000317fd  ADC14_setResultFormat                          
0003145f  ADC14_setSampleHoldTime                        
0003141d  ADC14_setSampleHoldTrigger                     
00031595  ADC14_toggleConversionTrigger                  
00031a79  ADC14_unregisterInterrupt                      
0003a735  AES256_IRQHandler                              
2000d581  AES_KEY                                        
2000d2a6  AES_KEY_ID                                     
00029871  AFM_XML_parser_start_element_callback          
2000cf96  ANTI_FEED_in_effect                            
2000d25b  APN_Assigned                                   
2000d25c  APN_Assigned_ignore_steps                      
0001b261  AUDIT_Append_Failed_Screen                     
0001b1ff  AUDIT_Card_Full_Screen                         
0001b1a7  AUDIT_In_Progress_Screen                       
0001a9d1  AUDIT_Screen                                   
000360c1  Adc_Vltg_init                                  
2000d471  Add_CC_to_RAM_Q                                
2000cfb6  Adjust_clock                                   
2000cfb5  Adjust_clock_key_count                         
2000d194  Alarms_Q_count                                 
0001b181  AntiFeed_Screen                                
0002e415  Assign_Lora_parameters                         
2000cf3c  Asynchronous_FD                                
00020af5  AuthenticateDuncanAsyncCard                    
00018663  AuthenticateTranscation                        
0001b0b9  Authorizing_Screen                             
00033adb  BKLT_OFF                                       
00033ac7  BKLT_ON                                        
2000d480  BKLT_TimeOut_RTCTimestamp                      
2000cf3e  BSU_Chunk_received                             
2000d4c7  BW                                             
2000d1a8  Batch_Index_Sent                               
2000cf7b  Batch_clear_continuous_fail                    
2000d468  Battery_Read_Interval                          
2000d192  BayStatus_Q_count                              
2000ceac  Be4Bootup                                      
000364e3  BoardInit                                      
2000a891  Buffer                                         
2000d4c0  BufferSize                                     
0003a735  BusFault_Handler                               
0003ab61  C$$EXIT                                        
2000d46f  CARD_JAM_RAISED                                
2000d47f  CC_Auth_Entered                                
0001b5b1  CC_Card_Expired_Screen                         
0001b311  CC_Payment_Approved_Screen                     
0001b571  CC_Payment_Declined_Screen                     
2000d444  CC_TimeOut_RTCTimestamp                        
2000d4ca  CF                                             
0003e955  CFG_AMEX_PREF_1                                
0003edc8  CFG_AMEX_PREF_2                                
0003edbc  CFG_DINERS_PREF_1                              
0003edc0  CFG_DINERS_PREF_2                              
0003edcb  CFG_DINERS_PREF_3                              
0003edce  CFG_DINERS_PREF_4                              
0003edd1  CFG_DINERS_PREF_5                              
0003ed9e  CFG_DISCOVER_PREF                              
0003eda3  CFG_ENROUTE_PREF_1                             
0003eda8  CFG_ENROUTE_PREF_2                             
2000cf41  CFG_ERASE                                      
0003eb02  CFG_JCB_PREF_1                                 
0003edad  CFG_JCB_PREF_2                                 
0003edb2  CFG_JCB_PREF_3                                 
0003ecd4  CFG_MAG_COLL_CARD                              
0003ece1  CFG_MAG_TECH_CARD                              
0003ed3c  CFG_MASTCARD_PREF_1                            
0003ed47  CFG_MASTCARD_PREF_2                            
0003ed52  CFG_MASTCARD_PREF_3                            
0003ed5d  CFG_MASTCARD_PREF_4                            
0003edb7  CFG_REINO_TEST_CARD                            
0003ecee  CFG_VISA_PREF1                                 
0003ecfb  CFG_VISA_PREF2                                 
0003ed08  CFG_VISA_PREF3                                 
0003ed15  CFG_VISA_PREF4                                 
0003ed22  CFG_VISA_PREF5                                 
0003ed2f  CFG_VISA_PREF6                                 
2000b374  CFG_file_sizearr                               
2000d46d  CHECKED_SMS_ON_TIMEOUT                         
2000d226  COMMS_DOWN                                     
2000d22c  COMMS_DOWN_timestamp                           
0003a735  COMP_E0_IRQHandler                             
0003a735  COMP_E1_IRQHandler                             
2000cfa0  CONFIG_RSAD_DK                                 
2000cf98  CONFIG_WSAD_DK                                 
0003a85f  CPU_basepriGet                                 
0003a851  CPU_basepriSet                                 
0003a82b  CPU_cpsid                                      
0003a841  CPU_cpsie                                      
0003a837  CPU_primask                                    
0003a84d  CPU_wfi                                        
0003a735  CS_IRQHandler                                  
0002b2d9  CS_clearInterruptFlag                          
0002ab81  CS_disableClockRequest                         
0002ac67  CS_disableDCOExternalResistor                  
0002b1ad  CS_disableFaultCounter                         
0002b297  CS_disableInterrupt                            
0002ab59  CS_enableClockRequest                          
0002abc9  CS_enableDCOExternalResistor                   
0002b181  CS_enableFaultCounter                          
0002b275  CS_enableInterrupt                             
0002b119  CS_getACLK                                     
0002b0d9  CS_getBCLK                                     
0002ad61  CS_getDCOFrequency                             
0002b2bf  CS_getEnabledInterruptStatus                   
0002b0f5  CS_getHSMCLK                                   
0002b2b9  CS_getInterruptStatus                          
0002b15f  CS_getMCLK                                     
0002b13d  CS_getSMCLK                                    
0002a879  CS_initClockSignal                             
0002b325  CS_init_ACLK                                   
00037fe5  CS_init_CLK                                    
0002b415  CS_init_HSMCLK                                 
0002b3d3  CS_init_MCLK                                   
0002b3a1  CS_init_SMCLK                                  
0002b2fb  CS_registerInterrupt                           
0002b1d9  CS_resetFaultCounter                           
0002ac85  CS_setDCOCenteredFrequency                     
0002abf1  CS_setDCOExternalResistorCalibration           
0002af01  CS_setDCOFrequency                             
0002a83d  CS_setExternalClockSourceFrequency             
0002aba3  CS_setReferenceOscillatorFrequency             
0002b225  CS_startFaultCounter                           
0002a97d  CS_startHFXT                                   
0002a9a1  CS_startHFXTWithTimeout                        
0002aa65  CS_startLFXT                                   
0002aa89  CS_startLFXTWithTimeout                        
0002acbd  CS_tuneDCOFrequency                            
0002b30f  CS_unregisterInterrupt                         
00011cd5  CalculateCoinRatios                            
0002a3fd  Calculate_File_CRC_4mflash                     
000379f5  Calculate_File_CRC_for_DK_copy                 
2000cebc  Calibration_TimeOut_RTC                        
00018667  CancelTranscation                              
2000b1aa  CardData                                       
2000b1c6  CardDataEncT2                                  
2000d450  CardJam_Flag                                   
2000d44c  CardJam_TimeOut_RTC                            
0001aabd  CardReadFail_Screen                            
0001b6ed  Card_Not_Supported_Screen                      
000116e9  Check_Coin_Jam_Alarm                           
0002611d  Check_Comms_Intervals_State                    
0001bfe1  Check_LCD_Backlight_Power_Save_Hours           
2000d2b8  Chunk_FileOffset                               
2000d2b4  Chunk_FileType                                 
2000d4e3  Clean_occupied                                 
0001a4ed  Clear_Screen                                   
0000659d  Clear_all_active_alarms                        
2000cec7  CoinIndex                                      
00015099  CoinOk                                         
00012889  CoinValidation                                 
20009aff  Coin_Calib_Params                              
00013291  Coin_Calibration_Mode                          
0001b749  Coin_Calibration_Screen                        
0001f7c5  Coin_Only_Audit_to_Flash                       
2000d458  Coin_Per_Udp_Packet                            
2000d191  Coin_Q_count                                   
00014185  Coin_Self_Calibration_Mode                     
0001198d  Coin_WakeCount_adjustment                      
2000d575  Coin_cal_index                                 
2000d578  Coin_cal_max                                   
2000d57a  Coin_cal_min                                   
00018665  CompleteTranscation                            
2000d431  Connected_Card_reader                          
0000b587  Copy_all_files_to_mechanism                    
0000b4d1  Copy_all_flash_files_to_datakey                
0000ba51  Copy_only_MPB_config_2DK                       
0000b659  Copy_only_MPB_config_2mech                     
0000bc29  Copy_only_MPB_firmware_2DK                     
0000b885  Copy_only_MPB_firmware_2mech                   
2000d350  Count                                          
000174c5  CredCardCheckFormat                            
00017599  CredCardCheckFormat2                           
2000d44b  Credit_Card_processed_screen                   
2000d486  Current_Space_Id                               
2000d184  Current_Timestamp                              
2000aff3  Current_ZO_eligibility                         
2000cf8c  Current_bayStatus                              
2000cfec  Current_extracted_time_PBC                     
2000d03c  Current_extracted_time_PBC_for_other_MID       
2000cf8d  DFG_Chunk_received                             
2000d2ec  DFG_content_length                             
2000d2c0  DFG_filled_resp_len                            
2000d4ea  DIAG_EXCEPTION                                 
2000cfcc  DK2Mech_copy_option_count                      
2000b378  DK_File_CRC                                    
2000cfce  DK_MECH_files_copied_count                     
20008713  DK_data_read_buffer                            
2000b40a  DLST_CURRENT_SLOT                              
2000d5d4  DLST_FLAG_CHECK                                
2000d5cc  DLST_HOUR_CHANGE                               
0003a735  DMA_ERR_IRQHandler                             
0003a735  DMA_INT0_IRQHandler                            
0003a735  DMA_INT1_IRQHandler                            
0003a735  DMA_INT2_IRQHandler                            
0003a735  DMA_INT3_IRQHandler                            
2000d21d  DO_IP_SYNC                                     
0001d22d  DSM_Screen1                                    
0001cd6d  DSM_Screen2                                    
0001c5d9  DSM_Screen3                                    
0001c451  DSM_Screen4                                    
0001c39d  DSM_Screen5                                    
0001c2b5  DSM_Screen6                                    
0001c223  DSM_Screen7                                    
00037997  DataKey_Read                                   
00037939  DataKey_Write                                  
00036d13  DataKey_init_SPI                               
000346d1  Debounce                                       
0003a735  DebugMon_Handler                               
0002b5c5  Debug_Display                                  
0002b4ff  Debug_Output1                                  
0002b535  Debug_Output2                                  
0002b575  Debug_Output6                                  
0002b4e1  Debug_TextOut                                  
2000d5c1  Debug_Verbose_Level                            
00020e0d  DeductAmountDuncanAsyncCard                    
0003a735  Default_Handler                                
000394fd  DelayMs                                        
0003953b  DelayMs_1                                      
0003957f  DelayMs_2                                      
000395c5  DelayUs                                        
00036cd9  Display_HWSPI_Init                             
00033bbd  Display_Init_SWSPI                             
000286f9  Display_Meter_Info                             
00035871  Display_Meter_status                           
00037075  Display_SPI_Chip_Disable                       
00037039  Display_SPI_Chip_Enable                        
2000cfb1  Display_meter_info_2ndpage                     
2000cfb2  Display_position                               
2000d2bc  Downloaded_chunks                              
0003ed90  DuncanAuthenticateSet                          
0003ed97  DuncanAuthenticateStore                        
2000d4bc  Duty_Cycle_Mode                                
2000d4e1  ELIGIBLE_FOR_ZERO_OUT                          
000273a1  EUSCIA0_IRQHandler                             
000273a1  EUSCIA0_IRQHandler                             
000276d9  EUSCIA1_IRQHandler                             
000276d9  EUSCIA1_IRQHandler                             
000276e1  EUSCIA2_IRQHandler                             
000276e1  EUSCIA2_IRQHandler                             
00027719  EUSCIA3_IRQHandler                             
00027719  EUSCIA3_IRQHandler                             
000278d7  EUSCIB0_IRQHandler                             
000278d7  EUSCIB0_IRQHandler                             
000278f9  EUSCIB1_IRQHandler                             
000278f9  EUSCIB1_IRQHandler                             
00027909  EUSCIB2_IRQHandler                             
00027909  EUSCIB2_IRQHandler                             
00027911  EUSCIB3_IRQHandler                             
00027911  EUSCIB3_IRQHandler                             
00032afb  EUSCI_A_SPI_changeClockPhasePolarity           
00032baf  EUSCI_A_SPI_clearInterruptFlag                 
00032bdf  EUSCI_A_SPI_disable                            
00032b7d  EUSCI_A_SPI_disableInterrupt                   
00032bc9  EUSCI_A_SPI_enable                             
00032b63  EUSCI_A_SPI_enableInterrupt                    
00032b97  EUSCI_A_SPI_getInterruptStatus                 
00032bf5  EUSCI_A_SPI_getReceiveBufferAddressForDMA      
00032c03  EUSCI_A_SPI_getTransmitBufferAddressForDMA     
00032c11  EUSCI_A_SPI_isBusy                             
00032a7b  EUSCI_A_SPI_masterChangeClock                  
00032b53  EUSCI_A_SPI_receiveData                        
00032a5b  EUSCI_A_SPI_select4PinFunctionality            
00032ab1  EUSCI_A_SPI_slaveInit                          
00032b3d  EUSCI_A_SPI_transmitData                       
0003292d  EUSCI_B_SPI_changeClockPhasePolarity           
000329e1  EUSCI_B_SPI_clearInterruptFlag                 
00032a11  EUSCI_B_SPI_disable                            
000329af  EUSCI_B_SPI_disableInterrupt                   
000329fb  EUSCI_B_SPI_enable                             
00032995  EUSCI_B_SPI_enableInterrupt                    
000329c9  EUSCI_B_SPI_getInterruptStatus                 
00032a27  EUSCI_B_SPI_getReceiveBufferAddressForDMA      
00032a35  EUSCI_B_SPI_getTransmitBufferAddressForDMA     
00032a43  EUSCI_B_SPI_isBusy                             
000328b1  EUSCI_B_SPI_masterChangeClock                  
00032985  EUSCI_B_SPI_receiveData                        
00032891  EUSCI_B_SPI_select4PinFunctionality            
000328e3  EUSCI_B_SPI_slaveInit                          
0003296f  EUSCI_B_SPI_transmitData                       
2000d180  EVENTS_BATCH_WSAD                              
2000d197  EVENTS_Q_COUNT                                 
2000d199  EVENTS_Q_FULL                                  
2000b1e2  Eof                                            
0001d4a9  Erase_Security_Registers                       
2000d2f5  Event                                          
2000d466  Event_Upload_Interval                          
00039cbb  Exit_from_LPM                                  
2000b14a  External_Key                                   
2000b328  External_Uid                                   
00010a49  Extract_SMSCFG_Details                         
2000d25a  FD_BackGround_Occuring_Flag                    
2000b40b  FIRST_COMM                                     
0003a735  FLCTL_IRQHandler                               
0003a735  FPU_IRQHandler                                 
2000afa3  Failed_Coins_diag                              
2000d46a  File_Activation_interval                       
2000d2be  File_count                                     
000354ad  Fill_General_Sync_request_structure            
00012031  FindMaxSensorValue                             
00011da1  FindMinSensorValue                             
000161ad  FinishRead                                     
2000d3ac  First_Time_CC_Entry_For_Next_Schedule          
2000d3a0  First_amount_used_for_calc_in_CC               
2000d3a4  First_lmax_time_allowed_in_CC                  
0001d989  Flash_Batch_Erase                              
0001e04f  Flash_Batch_Flag_Read                          
0001e595  Flash_Batch_Flag_Write                         
0001eeb5  Flash_Coin_Calibration_Params                  
2000b37c  Flash_File_CRC                                 
2000d47e  Flash_Operation                                
0001d457  Flash_Power_Down                               
0001ea09  Flash_RTC_ParkingClock_Storage                 
0001dcf5  Flash_Read                                     
0001d4d1  Flash_Read_Device_ID                           
0001d6ad  Flash_Read_Unique_ID                           
00036fe1  Flash_SPI_Chip_Disable                         
00036f69  Flash_SPI_Chip_Enable                          
00036d77  Flash_SPI_RX                                   
00036d1b  Flash_SPI_TX                                   
0001ddc5  Flash_Write                                    
00036ca9  Flash_init_SPI                                 
0001aa93  Freeparking_Screen                             
2000d573  Front_Bi_Color                                 
00021195  GEMCardSetCardID                               
00036b4f  GPIO_clearInterruptFlag                        
00036b0f  GPIO_disableInterrupt                          
00036aed  GPIO_enableInterrupt                           
00036ba7  GPIO_getEnabledInterruptStatus                 
00036abf  GPIO_getInputPinValue                          
00036b31  GPIO_getInterruptStatus                        
00036b71  GPIO_interruptEdgeSelect                       
00036c63  GPIO_registerInterrupt                         
00036867  GPIO_setAsInputPin                             
00036a1b  GPIO_setAsInputPinWithPullDownResistor         
00036a6d  GPIO_setAsInputPinWithPullUpResistor           
0003682d  GPIO_setAsOutputPin                            
00036931  GPIO_setAsPeripheralModuleFunctionInputPin     
000368ad  GPIO_setAsPeripheralModuleFunctionOutputPin    
00036c1f  GPIO_setDriveStrengthHigh                      
00036c41  GPIO_setDriveStrengthLow                       
000369b5  GPIO_setOutputHighOnPin                        
000369d7  GPIO_setOutputLowOnPin                         
000369f9  GPIO_toggleOutputOnPin                         
00036c83  GPIO_unregisterInterrupt                       
2000cf5c  GPRS_comms_attempt_count                       
2000cf5e  GPRS_comms_success_count                       
2000d464  General_Sync_Interval                          
000186c5  GetAtr                                         
00011b2f  GetCoinParameters                              
000120c9  GetDroppedCoinParameters                       
000162c1  GetMagDataFromIC                               
00011bc9  GetMultipartCoinParameters                     
00035745  Get_Meter_Status                               
2000d4a1  HARDWARE_REVISION                              
0000436d  Handle_GPRS_Response                           
0000625d  Handle_LORA_Response                           
0003569d  Handle_Mechswap_Response                       
00017b61  Handle_OLT_response                            
00035623  Handle_RTC_4mServer                            
0003a735  HardFault_Handler                              
0003e958  HoppingFrequencies                             
2000d620  ICCID_First_6_Digit                            
0002dab9  IDBasedFreqCalculation                         
2000d44a  IDTECH_AUDIT_CARD                              
00033b2d  IDTech_POWER_OFF                               
00033b41  IDTech_POWER_ON                                
2000d5f1  IN_LPM_TEST                                    
2000d21f  IP_done                                        
00026f75  Identify_Key_State                             
0001fa95  Identify_Smart_Card_Type                       
0001b949  Idle_Screen                                    
00025cf9  Idle_State                                     
000184f1  IdtechTXFormat                                 
2000cf50  In_Queue_Count                                 
00015a25  InitForNewRead                                 
00038c05  Init_128BIT_AES_Set_DecryptMode                
00038be1  Init_128BIT_AES_Set_EncryptMode                
2000d5f2  Init_Complete_flag                             
0003654f  Init_LORA                                      
000105a9  Init_SMS_Mode                                  
2000d62c  Initial_boot                                   
00025c4b  Initialise_State                               
0003709d  InitspiMasterConfig                            
2000b16a  Internal_Key                                   
2000b330  Internal_Uid                                   
0003770b  Interrupt_disableInterrupt                     
0003755b  Interrupt_disableMaster                        
00037909  Interrupt_disableSleepOnIsrExit                
00037699  Interrupt_enableInterrupt                      
0003754b  Interrupt_enableMaster                         
000378f7  Interrupt_enableSleepOnIsrExit                 
00037673  Interrupt_getPriority                          
000375eb  Interrupt_getPriorityGrouping                  
000378d7  Interrupt_getPriorityMask                      
000378f1  Interrupt_getVectorTableAddress                
0003777d  Interrupt_isEnabled                            
00037809  Interrupt_pendInterrupt                        
0003756b  Interrupt_registerInterrupt                    
00037623  Interrupt_setPriority                          
000375d1  Interrupt_setPriorityGrouping                  
000378c7  Interrupt_setPriorityMask                      
000378e1  Interrupt_setVectorTableAddress                
00037879  Interrupt_unpendInterrupt                      
000375bd  Interrupt_unregisterInterrupt                  
2000d5ec  KeyPress_TimeOut_RTC                           
2000d484  LCD_BKLT_ON                                    
0001bd85  LCD_Backlight                                  
2000d4b4  LCD_Backlight_Off_Time                         
2000d4b0  LCD_Backlight_On_Time                          
2000d2fa  LED_ON                                         
2000d2fb  LED_ON_Count                                   
2000d317  LED_SPACE_FRONT                                
2000d314  LED_SPACE_REAR                                 
2000d2f9  LED_selected_in_config                         
2000d318  LEFT_FRONT                                     
2000d315  LEFT_REAR                                      
2000cf8a  LNG_Meter_ID                                   
2000d4c2  LORA_PWR                                       
2000d4a4  LORA_PWR_OFF_Time                              
2000d308  LORA_PWR_OFF_Time_DC                           
2000d4a8  LORA_PWR_On_Time                               
2000d30c  LORA_PWR_On_Time_DC                            
000370d1  LORA_SPI_Init                                  
00033c25  LORA_power_off                                 
00033bf7  LORA_power_on                                  
2000b40c  LQI_counter                                    
2000d5a0  LQI_diagnostic                                 
2000ceec  Last_Audit_Time                                
2000b380  Last_Audit_Time1                               
2000d31c  Last_CC_Payment_RTC                            
2000ceb8  Last_Cash_Payment_RTC                          
2000cf84  Last_Comms_Success_Flg                         
2000cf80  Last_Comms_Success_RTCTimestamp                
2000d4d8  Last_Sensor_Success_RTCTimestamp               
2000ceb0  Last_WakeCount_downwards                       
2000d08c  Last_processed_time                            
2000d0dc  Last_processed_time_PBC                        
2000d12c  Last_processed_time_PBC_for_other_MID          
2000af07  LineBuff                                       
2000b248  LoRaSettings                                   
2000d50a  LoRaSettings1                                  
2000cf4d  LoRa_Packet_Index                              
20004c30  LoRa_Queue                                     
2000cf51  LoRa_Queue_Count                               
2000cf60  LoRa_comms_attempt_count                       
2000cf62  LoRa_comms_success_count                       
2000a387  LoRa_tx_queue                                  
00018859  LoadDefaultValue                               
2000d4be  Lora_rx_Count                                  
2000d5c8  Low_Battery_count                              
2000d5c9  Low_Battery_count_H                            
2000d5ca  Low_Battery_count_L                            
2000cf2a  M1_M2_Counter                                  
00033b21  MAG_1_POWER_OFF                                
00033b15  MAG_1_POWER_ON                                 
2000d21e  MDM_AWAKE                                      
00033b65  MDM_DTR_clr                                    
00033b59  MDM_DTR_set                                    
2000d234  MDM_Off_Time                                   
2000d230  MDM_On_Time                                    
00033b7d  MDM_REG_CNTRL_clr                              
00033b71  MDM_REG_CNTRL_set                              
00033bb1  MDM_RST_clr                                    
00033ba5  MDM_RST_set                                    
00033b99  MDM_Tel_OFF                                    
00033b8d  MDM_Tel_ON                                     
2000d238  MDM_Total_On_Time                              
2000d227  MDM_Type_LE910NA1                              
2000d228  MDM_Type_ME910C1WW                             
2000cfa4  MPB_CODE_RSAD_DK                               
2000cf9c  MPB_CODE_WSAD_DK                               
0003edc5  MPB_VERSION                                    
0002853f  MSP_Status_Check                               
2000b366  Maintenance_Log                                
2000cea4  MaxValue_point                                 
2000cea8  MaxValue_point1                                
2000d381  Max_Amount_In_current_rate                     
2000d5f4  Mdm_off_start_timestamp                        
2000cfcd  Mech2DK_copy_option_count                      
0003a735  MemManage_Handler                              
0001b127  MeterFull_Screen                               
2000d3ad  Meter_Full                                     
2000d429  Meter_Full_Flg                                 
00025e93  Meter_In_LPM3_State                            
0000bd95  Meter_In_Service                               
0001bc31  Meter_Out_Of_Serice_Screen                     
0000bd5d  Meter_Out_of_service                           
2000d62e  Meter_Reset                                    
00039c39  Meter_regular_sleep                            
2000cea6  MinValue_point                                 
2000d5f3  Modem_Off_initiated                            
2000cf66  Modem_On_Count                                 
00010249  Modem_Recovery_Loop                            
2000d23d  Modem_Test_Flag                                
00038b21  Modem_out_UART                                 
0003a735  NMI_Handler                                    
000255a9  New_process_queue                              
2000d571  No_Modem_Coin_Only                             
0001aa69  Noparking_Screen                               
2000d4e2  Normal_occupied                                
2000d190  OLTAck_Q_count                                 
2000d193  OLT_Q_count                                    
2000d188  OLT_Timestamp                                  
2000d43c  OLT_end_time                                   
2000d438  OLT_start_time                                 
2000cec4  OPTICAL_COIN_JAM_RAISED                        
000363ad  OnMaster                                       
00036417  OnSlave                                        
2000cef0  Optical_LED_touched                            
2000d580  Opto_Coin_Disable                              
2000cf64  Original_packet_count                          
2000d196  PAMBayStatus_Q_count                           
00006389  PBC_TO_OTHER_METER                             
2000b384  PBC_amnt_rcvd                                  
2000b388  PBC_expt_rcvd                                  
2000b2e0  PBC_other_MID_tx                               
[...]
2000cfc0  activate_pgm_rpg_ccf                           
2000cfc1  Tech_modem_onoff_mode                          
2000cfc2  save_maintenance_log                           
2000cfc3  file_manager_screen                            
2000cfc4  comm_int_scrn                                  
2000cfc5  save_comm_interval_changes                     
2000cfc6  do_RTC_EVT_AFM_HB                              
2000cfc7  comm_int_scrn_count                            
2000cfc8  do_not_copy_files                              
2000cfc9  copy_all_files                                 
2000cfca  copy_only_config                               
2000cfcb  copy_only_mpb_firmware                         
2000cfcc  DK2Mech_copy_option_count                      
2000cfcd  Mech2DK_copy_option_count                      
2000cfce  DK_MECH_files_copied_count                     
2000cfcf  main_menu                                      
2000cfd0  Tech_menu_info                                 
2000cfd1  coms_info                                      
2000cfd2  clr_alarm                                      
2000cfd3  exit_mainpg                                    
2000cfd4  rtc_day                                        
2000cfd5  rtc_month                                      
2000cfd6  rtc_year                                       
2000cfd7  rtc_hour                                       
2000cfd8  rtc_min                                        
2000cfd9  evnt_day                                       
2000cfe9  activate_mpb_config                            
2000cfea  activate_mpb_binary                            
2000cfeb  config_update                                  
2000cfec  Current_extracted_time_PBC                     
2000d03c  Current_extracted_time_PBC_for_other_MID       
2000d08c  Last_processed_time                            
2000d0dc  Last_processed_time_PBC                        
2000d12c  Last_processed_time_PBC_for_other_MID          
2000d17c  olt_RSAD                                       
2000d180  EVENTS_BATCH_WSAD                              
2000d184  Current_Timestamp                              
2000d188  OLT_Timestamp                                  
2000d18c  Timestamp_diff                                 
2000d190  OLTAck_Q_count                                 
2000d191  Coin_Q_count                                   
2000d192  BayStatus_Q_count                              
2000d193  OLT_Q_count                                    
2000d194  Alarms_Q_count                                 
2000d195  SCT_Q_count                                    
2000d196  PAMBayStatus_Q_count                           
2000d197  EVENTS_Q_COUNT                                 
2000d198  queue_pending                                  
2000d199  EVENTS_Q_FULL                                  
2000d19a  queue_events                                   
2000d19c  Total_Events_count                             
2000d1a0  flag_check_addr                                
2000d1a4  batch_start_address                            
2000d1a8  Batch_Index_Sent                               
2000d1ac  last_pktsent_time_1                            
2000d1b0  Present_value                                  
2000d1b2  processwait                                    
2000d1cc  current_extracted_time                         
2000d21c  mdm_comm_status                                
2000d21d  DO_IP_SYNC                                     
2000d21e  MDM_AWAKE                                      
2000d21f  IP_done                                        
2000d220  glIn_diag_mode                                 
2000d222  glMdmUart_bytes_recvd                          
2000d224  Regn_Check_Count                               
2000d225  Send_SMS_ACK                                   
2000d226  COMMS_DOWN                                     
2000d227  MDM_Type_LE910NA1                              
2000d228  MDM_Type_ME910C1WW                             
2000d22c  COMMS_DOWN_timestamp                           
2000d230  MDM_On_Time                                    
2000d234  MDM_Off_Time                                   
2000d238  MDM_Total_On_Time                              
2000d23c  modem_init_to_process_cc_transaction           
2000d23d  Modem_Test_Flag                                
2000d25a  FD_BackGround_Occuring_Flag                    
2000d25b  APN_Assigned                                   
2000d25c  APN_Assigned_ignore_steps                      
2000d25d  t_mobile_apn_switch_flag                       
2000d25e  first_time_ws46_set_flag                       
2000d25f  ws46_selected_value                            
2000d260  ws46_selected_value_temp                       
2000d261  glSNSRdiag_string                              
2000d2a6  AES_KEY_ID                                     
2000d2a8  fd_start                                       
2000d2ac  received_crc                                   
2000d2b0  dfg_crc                                        
2000d2b4  Chunk_FileType                                 
2000d2b8  Chunk_FileOffset                               
2000d2bc  Downloaded_chunks                              
2000d2be  File_count                                     
2000d2c0  DFG_filled_resp_len                            
2000d2c2  REINITIATE_FD                                  
2000d2e4  Queue_SendReceive                              
2000d2e5  SLEEP_ENABLE                                   
2000d2e8  Tasks_Priority_Register                        
2000d2ec  DFG_content_length                             
2000d2f0  wdt_base_Counter                               
2000d2f2  Seconds_Counter                                
2000d2f4  SC_bytes                                       
2000d2f5  Event                                          
2000d2f6  bufferFlag                                     
2000d2f7  smart_card_mode                                
2000d2f8  scosta_smartcard_mode                          
2000d2f9  LED_selected_in_config                         
2000d2fa  LED_ON                                         
2000d2fb  LED_ON_Count                                   
2000d2fc  special_key_count                              
2000d2fd  Quick_meter_status_request                     
2000d2fe  Tech_key_seq                                   
2000d300  pbc_amount_recvd                               
2000d304  pbc_expiry_time_recvd                          
2000d308  LORA_PWR_OFF_Time_DC                           
2000d30c  LORA_PWR_On_Time_DC                            
2000d310  Total_LORA_PWR_On_Time_DC                      
2000d314  LED_SPACE_REAR                                 
2000d315  LEFT_REAR                                      
2000d316  RIGHT_REAR                                     
2000d317  LED_SPACE_FRONT                                
2000d318  LEFT_FRONT                                     
2000d319  RIGHT_FRONT                                    
2000d31c  Last_CC_Payment_RTC                            
2000d350  Count                                          
2000d354  SX1276LR                                       
2000d358  RFLRState                                      
2000d35a  RxPacketSize                                   
2000d360  RxPacketRssiValue                              
2000d368  Transmitter_RSSI_value                         
2000d380  current_rate_index                             
2000d381  Max_Amount_In_current_rate                     
2000d382  next_rate_index1                               
2000d383  next_rate_index2                               
2000d384  next_rate_index3                               
2000d385  next_rate_index4                               
2000d386  next_rate_index5                               
2000d388  minutes_left_in_current_schedule               
2000d38a  minutes_left_in_next_schedule                  
2000d38c  max_time_in_current_rate                       
2000d390  santa_cruz_previous_paid_time                  
2000d394  sch_message_index_1                            
2000d395  sch_message_index_2                            
2000d396  sch_message_index_3                            
2000d397  sch_message_index_4                            
2000d398  holiday_spl_event_found                        
2000d399  this_is_a_CC                                   
2000d39a  next_sched_minutes_left_in_current_schedule    
2000d39c  last_amount_used_for_calc_in_CC                
2000d3a0  First_amount_used_for_calc_in_CC               
2000d3a4  First_lmax_time_allowed_in_CC                  
2000d3a8  last_lmax_time_allowed_in_CC                   
2000d3ac  First_Time_CC_Entry_For_Next_Schedule          
2000d3ad  Meter_Full                                     
2000d3b0  SC_City_Code                                   
2000d3b1  Record_ID                                      
2000d3b2  show_balance_and_deduct                        
2000d3b3  SC_Verify_Update                               
2000d3b4  calc_refund_amount                             
2000d3b8  glTotal_SCT_TransAmount                        
2000d3bc  SC_Serial_Num                                  
2000d3c0  glTotal_SCT_TransCount                         
2000d3c2  Payment_card                                   
2000d3c4  Refund_PreviousSN                              
2000d3c8  Refund_PresentSN                               
2000d3cc  Refund_timestamp                               
2000d3d0  Refund_earned_mins                             
2000d3d4  RefundNewBalverify                             
2000d3d8  RefundOK                                       
2000d3d9  calibration_display_buf                        
2000d429  Meter_Full_Flg                                 
2000d42c  T2_Faw_flag                                    
2000d42d  T1_Faw_flag                                    
2000d42e  ccard_dataread_flag                            
2000d42f  card_removed_flag                              
2000d430  check_card_read                                
2000d431  Connected_Card_reader                          
2000d432  gl_CC_amount_selected                          
2000d434  glCurrent_amount                               
2000d438  OLT_start_time                                 
2000d43c  OLT_end_time                                   
2000d440  olt_time_taken                                 
2000d444  CC_TimeOut_RTCTimestamp                        
2000d448  mag_technician_card                            
2000d449  mag_collection_card                            
2000d44a  IDTECH_AUDIT_CARD                              
2000d44b  Credit_Card_processed_screen                   
2000d44c  CardJam_TimeOut_RTC                            
2000d450  CardJam_Flag                                   
2000d451  cardread                                       
2000d452  cc_approved                                    
2000d454  machinestate                                   
2000d458  Coin_Per_Udp_Packet                            
2000d45a  lCoinCount                                     
2000d45c  do_General_Sync                                
2000d45d  do_Events_Update                               
2000d45e  do_Alarms_Update                               
2000d45f  do_Cash_Update                                 
2000d460  do_CC_OLT                                      
2000d461  do_SCT_Update                                  
2000d462  do_Sensor_Update                               
2000d463  do_file_update                                 
2000d464  General_Sync_Interval                          
2000d466  Event_Upload_Interval                          
2000d468  Battery_Read_Interval                          
2000d46a  File_Activation_interval                       
2000d46c  Process_Flash_Queue                            
2000d46d  CHECKED_SMS_ON_TIMEOUT                         
2000d46e  min_count                                      
2000d46f  CARD_JAM_RAISED                                
2000d470  severe_events_send                             
2000d471  Add_CC_to_RAM_Q                                
2000d474  Test_Watchdog_Time_1                           
2000d478  Parking_Clock_Refresh_flag                     
2000d479  Parking_Clock_Refresh                          
2000d47c  bits_count                                     
2000d47e  Flash_Operation                                
2000d47f  CC_Auth_Entered                                
2000d480  BKLT_TimeOut_RTCTimestamp                      
2000d484  LCD_BKLT_ON                                    
2000d485  do_not_allow_cc_auth                           
2000d486  Current_Space_Id                               
2000d488  hours_to_display                               
2000d489  minutes_to_display                             
2000d48a  hours_to_display_L                             
2000d48b  minutes_to_display_L                           
2000d48c  hours_to_display_R                             
2000d48d  minutes_to_display_R                           
2000d48e  temp_minutes_to_disp                           
2000d490  payment_on_hold                                
2000d492  bay_number_to_display                          
2000d494  earned_time_in_seconds_temp                    
2000d498  key_RL                                         
2000d49c  Screen_TimeOut_RTC                             
2000d4a0  WAITING_FOR_SMS_RESPONSE                       
2000d4a1  HARDWARE_REVISION                              
2000d4a4  LORA_PWR_OFF_Time                              
2000d4a8  LORA_PWR_On_Time                               
2000d4ac  Total_LORA_PWR_On_Time                         
2000d4b0  LCD_Backlight_On_Time                          
2000d4b4  LCD_Backlight_Off_Time                         
2000d4b8  Total_LCD_Backlight_On_Time                    
2000d4bc  Duty_Cycle_Mode                                
2000d4be  Lora_rx_Count                                  
2000d4c0  BufferSize                                     
2000d4c2  LORA_PWR                                       
2000d4c4  cCount                                         
2000d4c6  SF                                             
2000d4c7  BW                                             
2000d4c8  PW                                             
2000d4ca  CF                                             
2000d4cc  PL                                             
2000d4ce  PKTS                                           
2000d4d0  Print_Once                                     
2000d4d4  Radio                                          
2000d4d8  Last_Sensor_Success_RTCTimestamp               
2000d4dc  revert_parking_clock                           
2000d4e0  SMS_MODE                                       
2000d4e1  ELIGIBLE_FOR_ZERO_OUT                          
2000d4e2  Normal_occupied                                
2000d4e3  Clean_occupied                                 
2000d4e4  Unclean_occupied_count                         
2000d4e6  occupancygl                                    
2000d4e8  glSNSR_TMP                                     
2000d4ea  DIAG_EXCEPTION                                 
2000d4eb  sensor_tnx_flag                                
2000d4ec  Test_Watchdog_Time                             
2000d4f0  t_mobile_selected_apn_retry_flag               
2000d4f2  batt_vltg                                      
2000d50a  LoRaSettings1                                  
2000d570  gl_Sensitivity1                                
2000d571  No_Modem_Coin_Only                             
2000d572  REV4_LED_CONFIG                                
2000d573  Front_Bi_Color                                 
2000d574  Self_calibrated_after_last_cfg                 
2000d575  Coin_cal_index                                 
2000d576  add_2_seconds                                  
2000d578  Coin_cal_max                                   
2000d57a  Coin_cal_min                                   
2000d580  Opto_Coin_Disable                              
2000d581  AES_KEY                                        
2000d591  parking_clock                                  
2000d5a0  LQI_diagnostic                                 
2000d5ac  tempC                                          
2000d5c1  Debug_Verbose_Level                            
2000d5c2  last_minimum_vltg                              
2000d5c4  batt_voltage_read_count                        
2000d5c5  read_count                                     
2000d5c6  PreviousValue                                  
2000d5c8  Low_Battery_count                              
2000d5c9  Low_Battery_count_H                            
2000d5ca  Low_Battery_count_L                            
2000d5cc  DLST_HOUR_CHANGE                               
2000d5cd  set_DLST                                       
2000d5ce  glDLST_month                                   
2000d5cf  glDLST_day                                     
2000d5d0  glDLST_hour                                    
2000d5d2  glDLST_year                                    
2000d5d4  DLST_FLAG_CHECK                                
2000d5dd  Space_Zero_Out                                 
2000d5e8  key_press                                      
2000d5ec  KeyPress_TimeOut_RTC                           
2000d5f0  gl_RTCHOUR                                     
2000d5f1  IN_LPM_TEST                                    
2000d5f2  Init_Complete_flag                             
2000d5f3  Modem_Off_initiated                            
2000d5f4  Mdm_off_start_timestamp                        
2000d5f8  err1                                           
2000d5fc  Serial_No_ASCII                                
2000d600  last_payment_try_time                          
2000d608  last_vacant_timestamp                          
2000d610  parking_time_left_on_meter                     
2000d618  parking_time_left_on_meter_prev                
2000d620  ICCID_First_6_Digit                            
2000d628  Sync_status                                    
2000d62c  Initial_boot                                   
2000d62d  SENSOR_OUT_STATUS                              
2000d62e  Meter_Reset                                    
2000d62f  next_sched_rate_index                          
2000d635  VAC_ZERO_ELIGIBLE                              
2000d638  errno                                          
2000d63c  SystemCoreClock                                
2000d640  ZERO_OUT                                       
2000d642  ZERO_OUT_ENABLE_AT_EXPIRY                      
2000d644  glLast_reported_space_status                   
2000d646  grace_time_trigger                             
2000d648  in_prepay_parking                              
2000d64a  real_payment_flag                              
2000d64c  time_retain                                    
2000fe00  __stack                                        
20010000  __STACK_END                                    
4000480c  WDTCTL_SYM                                     
ffffffff  __TI_pprof_out_hndl                            
ffffffff  __TI_prof_data_size                            
ffffffff  __TI_prof_data_start                           
ffffffff  __binit__                                      
ffffffff  __c_args__                                     
ffffffff  binit                                          
UNDEFED   __mpu_init                                     
UNDEFED   _system_post_cinit                             

[1653 symbols]
